tchernia@f0r6s5:~$ echo $_12PATH

змінна не існує, повертає пусту строку

tchernia@f0r6s5:~$ echo $12PATH
2PATH
tchernia@f0r6s5:~$ echo $7652PATH
652PATH
це не змінні, але чому сжирає першу цифру? // бо вважає частино скрипту, читай зошит

tchernia@f0r6s5:~$ cat $PATH
cat: '/home/tchernia/bin:/usr/local/sbin:/usr/local/bin:/usr/sbin:/usr/bin:/sbin:/bin:/usr/games:/usr/local/games:/snap/bin:/home/tchernia/.dotnet/tools': No such file or directory

tchernia@f0r6s5:~$ cat $675PATH
cat: 75PATH: No such file or directory
шукає доступ до файлу



tchernia@f1r6s7:~$ echo "bhf "${USER}" nihi"
bhf tchernia nihi
tchernia@f1r6s7:~$ echo bhf "${USER}" nihi
bhf tchernia nihi
tchernia@f1r6s7:~$ echo bhf "${{USER}}" nihi
bash: ${{USER}}: bad substitution

